[1;31m
Error: [0m$[3]: Dhall type expression and JSON value do not match:

Expected Dhall type:
Natural

JSON:
"oh oh"
